nº produtos: 171008 | nº clientes: 16384 | nº vendas válidas: 891108
